A 6^(k+1) # derivation:
   t=0: A 6^(k+1) #
   t=1: B 5^(k+0) 7 #
   t=2: C 3^(k-1) 5 0 1 #
   t=3: B 6^(k-2) 0 6 1 1 #
   -> EXIT 3 

seed sweep: 14016 seeds -> {'LOOP': 9, 'DRIFT': 63, 'EXIT': 13944}

== symbolic LOOPS found ==
  delta=-1 per period=1 macro steps  (9 seeds)   e.g. seed A 0^(k+0) #
      loop entered at t=0: A 0^(k+0) #

== longest in-system EXIT derivations ==
    6 macro steps: A 0 0 3^(k+0) #   exits at A 4 4 2 3^(k-7) 0 6 6 4 7 6 #
    6 macro steps: A 0 0 3^(k+0) 1 #   exits at A 4 4 2 3^(k-7) 1 4 6 2 1 7 2 #
    6 macro steps: A 0 0 3^(k+0) 2 #   exits at A 4 4 2 3^(k-7) 2 2 6 0 3 7 4 #
    6 macro steps: A 0 0 3^(k+0) 3 #   exits at A 4 4 2 3^(k-7) 3 0 6 6 4 7 6 #
    6 macro steps: A 0 0 3^(k+0) 4 #   exits at A 4 4 2 3^(k-7) 4 6 5 4 6 7 0 1 #
    6 macro steps: A 0 0 3^(k+0) 5 #   exits at A 4 4 2 3^(k-7) 5 4 5 2 0 0 3 1 #
    6 macro steps: A 0 0 3^(k+0) 6 #   exits at A 4 4 2 3^(k-7) 6 2 5 0 2 0 5 1 #
    6 macro steps: A 0 0 3^(k+0) 7 #   exits at A 4 4 2 3^(k-7) 7 0 5 6 3 0 7 1 #
    6 macro steps: B 2 1 0^(k+0) #   exits at A 4 2 0^(k-6) #
    6 macro steps: B 2 1 0^(k+0) 1 #   exits at A 4 2 0^(k-6) 1 6 7 5 1 0 2 #
    6 macro steps: B 2 1 0^(k+0) 2 #   exits at A 4 2 0^(k-6) 2 4 7 3 3 0 4 #
    6 macro steps: B 2 1 0^(k+0) 3 #   exits at A 4 2 0^(k-6) 3 2 7 1 5 0 6 #
