== C_j construction ==
  j=1: |C_j| = 2 = 2^1 OK
  j=2: |C_j| = 4 = 2^2 OK
  j=3: |C_j| = 8 = 2^3 OK
  j=4: |C_j| = 16 = 2^4 OK
  [PASS] lifting recursion == direct chain condition (300 samples/level)

== refined identity: count(K,Y) via Cantor classes ==
  [PASS] 27 cells

== drift bound |desc_j(A) - (64/81)^j A| ==
  max drift over 2000 samples: 0.613 (< 4 claimed)

== Mask 6 at depth j: Cantor-class share of R_n cap (0,Z] ==
  n   j   Z=64^(bn)   |set|    share      (2/81)^j
  12   1   b=0.9        35   0.08571    0.02469
  12   1   b=1.0      4095   0.02540    0.02469
  12   2   b=0.9        35   0.02857    0.00061
  12   2   b=1.0      4095   0.00195    0.00061
  14   1   b=0.9        52   0.05769    0.02469
  14   1   b=1.0     16383   0.02576    0.02469
  14   2   b=0.9        52   0.01923    0.00061
  14   2   b=1.0     16383   0.00043    0.00061
MEASUREMENT COMPLETE
