== C-hat product formula vs direct sum ==
  max |direct - product| over 160 samples: 8.98e-08 (PASS)

== joint discrepancy: D*(R_n x C_j) via CRT ==
   n  j      N        D*(joint)   D*(R_n)    rand~sqrt
   10  0     1024   0.044939   0.044939   0.082274
   10  1     2048   0.008503   0.044939   0.061016
   10  2     4096   0.003613   0.044939   0.045063
   10  3     8192   0.002204   0.044939   0.033166
   12  0     4096   0.003613   0.003613   0.045063
   12  1     8192   0.002204   0.003613   0.033166
   12  2    16384   0.002328   0.003613   0.024337
   12  3    32768   0.001848   0.003613   0.017813
   13  0     8192   0.002204   0.002204   0.033166
   13  1    16384   0.002328   0.002204   0.024337
   13  2    32768   0.001848   0.002204   0.017813
   13  3    65536   0.000449   0.002204   0.013009

== Mask-6 enhancement decay: share of C_1 in R_n ∩ (0,64^(bn)] ==
   n    b=0.85          b=0.90          b=0.95          b=1.00
    10   (few)       0.0741/27     0.0576/139    0.0323/1023  
    11   (few)       0.0667/30     0.0276/217    0.0264/2047  
    12   (few)       0.0857/35     0.0348/345    0.0254/4095  
    13   (few)       0.0909/44     0.0276/543    0.0253/8191  
    14   (few)       0.0577/52     0.0356/900    0.0258/16383 
    15   (few)       0.0455/88     0.0313/1436   0.0245/32767 
    16   (few)       0.0238/84     0.0233/2357   0.0245/65535 
  (uniform share 2/81 = 0.0247)
MEASUREMENT COMPLETE
