== 64->81  |D|=2:  M=64, N=81, N-M=17, law base M/|D| = 32 ==
  [PASS] coding executes 16 exact H-steps on 25 random words
   K      |R_K|  |D|^K ok   min nontrivial    law M^K/|D|^K   ratio
   2          4  Y                961             1024     0.938
   3          8  Y               7232            32768     0.221
   4         16  Y             928832      1.04858e+06     0.886
   5         32  Y           16777216      3.35544e+07     0.500
   6         64  Y         2045779008      1.07374e+09     1.905
   7        128  Y        20183919680      3.43597e+10     0.587
   8        256  Y       609991404608      1.09951e+12     0.555
   9        512  Y      9097606721537      3.51844e+13     0.259
  10       1024  Y   1540514031996928       1.1259e+15     1.368
  11       2048  Y   6736584911887424      3.60288e+16     0.187
  12       4096  Y   458525144289123392      1.15292e+18     0.398
  13       8192  Y   10600884936434111425      3.68935e+19     0.287
  14      16384  Y   235378576842720669697      1.18059e+21     0.199
  15      32768  Y   20150084452592196907009      3.77789e+22     0.533
  16      65536  Y   719393899965748065464321      1.20893e+24     0.595

== 512->729 |D|=3:  M=512, N=729, N-M=217, law base M/|D| = 170.7 ==
  [PASS] coding executes 11 exact H-steps on 25 random words
   K      |R_K|  |D|^K ok   min nontrivial    law M^K/|D|^K   ratio
   2          9  Y              77313          29127.1     2.654
   3         27  Y            7787008      4.97103e+06     1.566
   4         81  Y          654388738      8.48389e+08     0.771
   5        243  Y       102794079746      1.44792e+11     0.710
   6        729  Y     15554445419520      2.47111e+13     0.629
   7       2187  Y   1271601849434112      4.21736e+15     0.302
   8       6561  Y   227046153201492992      7.19763e+17     0.315
   9      19683  Y   282769943407690961408       1.2284e+20     2.302
  10      59049  Y   15985516937586679140865      2.09646e+22     0.762
  11     177147  Y   170547720997902307033089      3.57796e+24     0.048

== 2^17->3^11 |D|=6:  M=131072, N=177147, N-M=46075, law base M/|D| = 2.185e+04 ==
  [PASS] coding executes 7 exact H-steps on 25 random words
   K      |R_K|  |D|^K ok   min nontrivial    law M^K/|D|^K   ratio
   2         36  Y         1208090629      4.77219e+08     2.532
   3        216  Y     20645800312832       1.0425e+13     1.980
   4       1296  Y   860822022145179649      2.27738e+17     3.780
   5       7776  Y   1804663495544341135360        4.975e+21     0.363
   6      46656  Y   74930479678884005599248384      1.08681e+26     0.689
   7     279936  Y   1239374241244815817377368899585      2.37416e+30     0.522

== 2^22->3^14 |D|=18:  M=4194304, N=4782969, N-M=588665, law base M/|D| = 2.33e+05 ==
  [PASS] coding executes 5 exact H-steps on 25 random words
   K      |R_K|  |D|^K ok   min nontrivial    law M^K/|D|^K   ratio
   2        324  Y       133525667872      5.42969e+10     2.459
   3       5832  Y   19919595544510557      1.26521e+16     1.574
   4     104976  Y   1341147495629632569436      2.94815e+21     0.455
   5    1889568  Y   956462868831859804060254301      6.86969e+26     1.392

ALL CHECKS PASS (coding + injectivity at every rung; law ratios reported above)
