== S1: binary/ternary rewrite system ==
[PASS] S1.branches  T(b0 x)=x, T(b1 x)=t2 x
[PASS] S1.push-through rules (all 6)
[PASS] S1.high-end rules t0#->#, t1#->b1#, t2#->b0b1#
[PASS] S1.one round == one shortcut step (n=1..3999)
== S2: radix replacement ==
[PASS] S2.radix-replacement T^L(2^L x + r) = 3^a x + c, L<=12, all r
[PASS] S2.parity words distinct (bijection) L=1
[PASS] S2.parity words distinct (bijection) L=2
[PASS] S2.parity words distinct (bijection) L=3
[PASS] S2.parity words distinct (bijection) L=8
[PASS] S2.parity words distinct (bijection) L=11
== S3: -5 cycle system ==
[PASS] cycles are cycles
[PASS] S3.three identities T^3(8q-s)=9q-s, s in {5,7,10}
[PASS] S3.state rules match compiler
[PASS] S3.macro step == exactly 3 shortcut steps (400 random configs)
[PASS] S3.growth q'>q for q>5 in the subsystem
== S4: growth gadget ==
[PASS] S4.gadget chain exact for k=2..29 (9 shortcut steps)
[PASS] S4.B6 exits the subsystem
== S5: bridge lemma ==
[PASS] S5.q_m = (4374*8^m - 6)/7
[PASS] S5.n_m = (3^7 2^{3m+4} - 97)/7
[PASS] S5.parity word of -97/7 is 101111110000011
[PASS] S5.template trajectory passes -142/7, -71/7, -103/7 ... -43/7
[PASS] S5.nine odd steps in the window
[PASS] S5.bridge lemma exact for m=5..25
[PASS] S5.m=4 still follows template (value identity holds, r=-1)
[PASS] S5.m=3 deviates (sharpness at m=3)
[PASS] S5.24-step identity A6^{k+1} => A1^{k-7}76452765, 15 odd, k=7..27
[PASS] S5.multiplier 3^15/2^24 < 1 < 3^16/2^24
[PASS] S5.density 15/24 < log_3 2 (i.e. 3^15 < 2^24... equivalent)
== S6: positive rational sink ==
[PASS] S6.T^14(-43/7) = 5/7 with 6 odd steps
[PASS] S6.cycle 5/7 -> 11/7 -> 20/7 -> 10/7 -> 5/7, parity 1100
[PASS] S6.T^{14+4j}(u_r) = (3^{22+2j} 2^{3r-10-4j} + 5)/7
== S7: periodic obstruction ==
[PASS] S7.only subsystem cycles have q=0 (the negative cycle itself)

ALL CHECKS PASS
