X-9602 finite-state feedback census   K = 256, terminal-run threshold = 48
machines enumerated: 17626 (all |S| <= 3, all initial states)
integral hits: 13650 machines, 15 distinct integers

 integer  machines   orbit cycle
       0      5395   0
       1       544   1<->2 (trivial)
      -1      5395   -1
       2       490   1<->2 (trivial)
      -2      1304   -1
      -3        54   -1
       4        54   1<->2 (trivial)
      -4       162   -1
       5        36   1<->2 (trivial)
      -5        54   -5 cycle
      -7        36   -5 cycle
      10        36   1<->2 (trivial)
     -10        54   -5 cycle
     -14        18   -5 cycle
      20        18   1<->2 (trivial)

positive hits: [1, 2, 4, 5, 10, 20] — all reach the trivial cycle: True
T-9603 consistency: every hit verified (rebuild at 2K, closure replay, cycle in the parity-period<=3 inventory).  PASS
