== Paper 1: Natural-density logarithmic-time (v2, 2026-07-21) ==
PASS C_Coll = 3*C_Syr + 1/log2  (numerators: 3*501501 + 5000 = 1509503)
PASS 0.693 < log 2
PASS C_Syr = 501501/(5000 log 2) < 145  144.7026
PASS C_Coll = 1509503/(5000 log 2) < 436  435.5505
PASS log2-form coefficients 100.3002 / 301.9006
PASS 1/(2 kappa) = 5/143
PASS 5/143 - d0 = 1/28600000
PASS 5/143 < 1/20 (phase guard binding)
PASS no-hit ledger 44 + 96 <= 184 -> 88 + 96 = 184
PASS transport ledger 192 + 64 + 384000 = 384256
PASS 2/log(4/3) <= 8  6.9521
PASS alpha/(alpha-1) = 1001
PASS 1002/(10 log2) * 1001/1000 = 501501/(5000 log2)
PASS raw/Syracuse clock identity (55)-(57) on sample inputs
PASS lemma 7.1: n <= 2^m Col^m(n) on 1..1999, m<=59

== Paper 2: Certified x^0.90 predecessor bounds (2026-07-17) ==
PASS Q = 2^28 = 268,435,456
PASS (15) A^1000 * 2^1802 <= Q^1000
PASS (16) B1^1000 * 2^1802 <= Q^1000 * 3^901
PASS (17) B3^1000 * 2^901 <= Q^1000 * 3^901
PASS (15) is tight: (A+1) fails
PASS (16) is tight: (B1+1) fails
PASS (17) is tight: (B3+1) fails
PASS delta = 5 - 3 log2 3 > 0  <=>  3^3 < 2^5
PASS 3(alpha-2)+1 = 3(alpha-1)-2 (symbolic)
PASS f(0) = 2, P-row example P(f(0)) = P(2)
PASS L1 auxiliary indices for i=0: (0, 43046721, 86093442)
PASS L3 auxiliary indices for i=2: (1, 43046722, 86093443)
PASS L1 row arithmetic 76981049*6357317 + 207142911*7945915 = 2135332895144098
PASS L2 row arithmetic 76981049*13483121 = 1037944798373929
PASS L3 row arithmetic 76981049*2896800 + 386810365*3838338 = 1707707625516570
PASS L1/L2/L3 left sides are multiples of Q (weights w_0,w_1,w_2 = 7950440,3862897,6357317)
PASS L1/L2/L3 rows hold
PASS weights in worked rows lie in [min,max] = [1048576, 1859404226]
PASS ord_{3^7}(2) = 2*3^6 (spot check of the primitive-root fact used for class nonemptiness)
PASS 901/1000 - 9/10 = 1/1000
PASS D1 (m=2 mod 9) and D3 (m=8 mod 9) odd inverses are principal; m=5 mod 9 odd inverse is divisible by 3
PASS exponent chain monotone

failures: 0
